// Jest Snapshot v1, https://goo.gl/fbAQLP

exports[`Snapshot tests Testa se o componente renderiza de acordo co a snapshot 1`] = `
<h1
  style={
    Object {
      "backgroundColor": "#561dc1",
      "color": undefined,
    }
  }
>
  Meu t√≠tulo
</h1>
`;
